Traceback (most recent call last):
  File "/home/pavan/Documents/projects/intelliconnect/meetings/views.py", line 136, in process_meeting
    response = client.models.generate_content(
        model="gemini-3.1-flash-lite",
    ...<4 lines>...
        },
    )
  File "/home/pavan/Documents/projects/intelliconnect/venv/lib/python3.14/site-packages/google/genai/models.py", line 6331, in generate_content
    response = self._generate_content(
        model=model, contents=contents, config=parsed_config
    )
  File "/home/pavan/Documents/projects/intelliconnect/venv/lib/python3.14/site-packages/google/genai/models.py", line 4767, in _generate_content
    response = self._api_client.request(
        'post', path, request_dict, http_options
    )
  File "/home/pavan/Documents/projects/intelliconnect/venv/lib/python3.14/site-packages/google/genai/_api_client.py", line 1609, in request
    response = self._request(http_request, http_options, stream=False)
  File "/home/pavan/Documents/projects/intelliconnect/venv/lib/python3.14/site-packages/google/genai/_api_client.py", line 1402, in _request
    return self._retry(self._request_once, http_request, stream)  # type: ignore[no-any-return]
           ~~~~~~~~~~~^^^^^^^^^^^^^^^^^^^^^^^^^^^^^^^^^^^^^^^^^^
  File "/home/pavan/Documents/projects/intelliconnect/venv/lib/python3.14/site-packages/tenacity/__init__.py", line 470, in __call__
    do = self.iter(retry_state=retry_state)
  File "/home/pavan/Documents/projects/intelliconnect/venv/lib/python3.14/site-packages/tenacity/__init__.py", line 371, in iter
    result = action(retry_state)
  File "/home/pavan/Documents/projects/intelliconnect/venv/lib/python3.14/site-packages/tenacity/__init__.py", line 413, in exc_check
    raise retry_exc.reraise()
          ~~~~~~~~~~~~~~~~~^^
  File "/home/pavan/Documents/projects/intelliconnect/venv/lib/python3.14/site-packages/tenacity/__init__.py", line 184, in reraise
    raise self.last_attempt.result()
          ~~~~~~~~~~~~~~~~~~~~~~~~^^
  File "/usr/lib/python3.14/concurrent/futures/_base.py", line 443, in result
    return self.__get_result()
           ~~~~~~~~~~~~~~~~~^^
  File "/usr/lib/python3.14/concurrent/futures/_base.py", line 395, in __get_result
    raise self._exception
  File "/home/pavan/Documents/projects/intelliconnect/venv/lib/python3.14/site-packages/tenacity/__init__.py", line 473, in __call__
    result = fn(*args, **kwargs)
  File "/home/pavan/Documents/projects/intelliconnect/venv/lib/python3.14/site-packages/google/genai/_api_client.py", line 1379, in _request_once
    errors.APIError.raise_for_response(response)
    ~~~~~~~~~~~~~~~~~~~~~~~~~~~~~~~~~~^^^^^^^^^^
  File "/home/pavan/Documents/projects/intelliconnect/venv/lib/python3.14/site-packages/google/genai/errors.py", line 155, in raise_for_response
    cls.raise_error(response.status_code, response_json, response)
    ~~~~~~~~~~~~~~~^^^^^^^^^^^^^^^^^^^^^^^^^^^^^^^^^^^^^^^^^^^^^^^
  File "/home/pavan/Documents/projects/intelliconnect/venv/lib/python3.14/site-packages/google/genai/errors.py", line 186, in raise_error
    raise ServerError(status_code, response_json, response)
google.genai.errors.ServerError: 503 UNAVAILABLE. {'error': {'code': 503, 'message': 'This model is currently experiencing high demand. Spikes in demand are usually temporary. Please try again later.', 'status': 'UNAVAILABLE'}}
